install page: https://docs.docker.com/v17.09/docker-for-windows/install/
powershell command line:
download: Invoke-WebRequest https://download.docker.com/win/stable/Docker%20for%20Windows%20Installer.exe -outfile C:\Users\arshk\Desktop\docker.exe
install: .\msiexec.exe -i C:\Users\arshk\Desktop\docker.exe

if failed with below error
**Docker for Windows requires Windows 10 Pro or Enterprise version 14393 to run.**

then install docker-toolbox
url: https://docs.docker.com/v17.09/toolbox/overview/
(windows server16 page: https://docs.docker.com/install/windows/docker-ee/ )

minimum docker version:
PS C:\Users\anand> docker version
Client:
 Version:      17.03.1-ce-rc1
 API version:  1.27
 Go version:   go1.7.5
 Git commit:   3476dbf
 Built:        Wed Mar 15 20:33:22 2017
 OS/Arch:      windows/amd64

Server:
 Version:      17.03.1-ce-rc1
 API version:  1.27 (minimum version 1.12)
 Go version:   go1.7.5
 Git commit:   3476dbf
 Built:        Wed Mar 15 20:28:18 2017
 OS/Arch:      linux/amd64
 Experimental: true
PS C:\Users\anand> docker-compose version
docker-compose version 1.11.2, build f963d76f
docker-py version: 2.1.0
CPython version: 2.7.13
OpenSSL version: OpenSSL 1.0.2j  26 Sep 2016

PS C:\Users\anand> docker images
REPOSITORY          TAG                 IMAGE ID            CREATED             SIZE
sumitanand17/test   v1                  387f0125b623        5 days ago          428 MB
mongo               4.0.4               525bd2016729        13 days ago         383 MB
keymetrics/pm2      8                   24e97c9d11cd        11 months ago       90.1 MB

PS C:\Users\anand> docker run -idt --name mongo -p 27017:27017 mongo:4.0.4
c3abbccafea0753983e6ad4adcf4054e9dc691bd6f9d4a601acf862ac1bf2f1b

PS C:\Users\anand> docker ps
CONTAINER ID        IMAGE               COMMAND                  CREATED             STATUS              PORTS
            NAMES
c3abbccafea0        mongo:4.0.4         "docker-entrypoint..."   5 seconds ago       Up 4 seconds        0.0.0.0:27017->

**if you want to mount local drive in windows, you need to enable shared directory in windows daemon and start container with -v hostpath:dockermount**
script: https://gist.github.com/Jaykul/15a6982aad9b6197a537f1ce5a786723

docker EE: https://docs.docker.com/install/windows/docker-ee/#system-requirements
https://docs.microsoft.com/en-us/virtualization/windowscontainers/manage-docker/configure-docker-daemon
read: https://gist.github.com/Jaykul/15a6982aad9b6197a537f1ce5a786723
https://docs.microsoft.com/en-us/virtualization/windowscontainers/deploy-containers/linux-containers
triget job with: Start-ScheduledTask -TaskName "docker"

ensure hyper-v running on boot:
https://stackoverflow.com/questions/48255871/failed-to-start-the-virtual-machine-mobylinuxvm-because-one-of-the-hyper-v-com/48260575

### enable runing script on windows ###
Set-ExecutionPolicy Unrestricted -Force
#####
set env from powershell
#########
[System.Environment]::SetEnvironmentVariable('clientpath', 'E:/o4s-test', [System.EnvironmentVariableTarget]::User)
or,
[Environment]::SetEnvironmentVariable("clientpath", "E:/o4s-test", "user")
$a=[environment]::GetEnvironmentVariable('clientpath', 'user')
echo $a

#run init script like
powershell.exe C:\Users\demo\Desktop\docker-client\init.ps1 "E:\o4s-test"
or
powershell.exe C:\Users\demo\Desktop\docker-client\init.ps1 "E:\o4s-test" >> $HOME\appdata\init.log

##error
 open //./pipe/docker_engine: The system cannot find the file specified. In the default daemon configuration on Windows, the docker client must be run elevated to connect. This error may also indicate that the docker daemon is not running.

restart docker and verify with docker pull mongo:4.0.4

###docker failed to start container which use mount volume
https://github.com/docker/for-win/issues/1192
https://github.com/docker/for-win/issues/1192#issuecomment-355939641
